[direct] ep0 rise_ok=True fall=None trk=0.1103 dist=0.852 tilt2s=5.4 hmin2s=114.8 gait_valid=True sacrificed=[] lower_fall=tilt_pitch lower_h_err_mm=14.8
[direct] ep1 rise_ok=True fall=None trk=0.1096 dist=0.848 tilt2s=4.6 hmin2s=114.7 gait_valid=True sacrificed=[] lower_fall=None lower_h_err_mm=-28.7
[direct] ep2 rise_ok=True fall=None trk=0.1104 dist=0.88 tilt2s=4.8 hmin2s=114.8 gait_valid=True sacrificed=[] lower_fall=over_current lower_h_err_mm=-10.5
[direct] ep3 rise_ok=True fall=None trk=0.1075 dist=0.837 tilt2s=4.5 hmin2s=114.8 gait_valid=True sacrificed=[] lower_fall=None lower_h_err_mm=-21.2
[direct] ep4 rise_ok=True fall=None trk=0.1017 dist=0.798 tilt2s=4.6 hmin2s=114.8 gait_valid=True sacrificed=[] lower_fall=None lower_h_err_mm=-10.1
[direct] ep5 rise_ok=True fall=None trk=0.1081 dist=0.975 tilt2s=4.6 hmin2s=114.8 gait_valid=True sacrificed=[] lower_fall=over_current lower_h_err_mm=-22.6
[direct] ep6 rise_ok=True fall=None trk=0.1072 dist=0.8 tilt2s=4.7 hmin2s=114.8 gait_valid=True sacrificed=[] lower_fall=tilt_pitch lower_h_err_mm=-22.1
[direct] ep7 rise_ok=True fall=None trk=0.1021 dist=0.803 tilt2s=5.3 hmin2s=114.8 gait_valid=True sacrificed=[] lower_fall=over_current lower_h_err_mm=-15.9
[direct] ep8 rise_ok=True fall=None trk=0.1103 dist=0.92 tilt2s=4.6 hmin2s=114.7 gait_valid=True sacrificed=[] lower_fall=over_current lower_h_err_mm=-18.1
[direct] ep9 rise_ok=True fall=None trk=0.1174 dist=0.964 tilt2s=4.6 hmin2s=114.8 gait_valid=True sacrificed=[] lower_fall=None lower_h_err_mm=-13.6
[direct] ep10 rise_ok=True fall=None trk=0.1071 dist=0.845 tilt2s=4.6 hmin2s=114.8 gait_valid=True sacrificed=[] lower_fall=over_current lower_h_err_mm=-12.7
[direct] ep11 rise_ok=True fall=None trk=0.1056 dist=0.777 tilt2s=4.6 hmin2s=114.8 gait_valid=True sacrificed=[] lower_fall=None lower_h_err_mm=-16.7
[direct] ep12 rise_ok=True fall=None trk=0.1087 dist=0.856 tilt2s=4.8 hmin2s=114.8 gait_valid=True sacrificed=[] lower_fall=None lower_h_err_mm=-15.6
[direct] ep13 rise_ok=True fall=None trk=0.1152 dist=0.972 tilt2s=5.3 hmin2s=114.8 gait_valid=True sacrificed=[] lower_fall=tilt_roll lower_h_err_mm=-5.2
[direct] ep14 rise_ok=True fall=None trk=0.0995 dist=0.763 tilt2s=4.6 hmin2s=114.7 gait_valid=True sacrificed=[] lower_fall=tilt_roll lower_h_err_mm=17.3
[direct] ep15 rise_ok=True fall=None trk=0.1008 dist=0.721 tilt2s=4.8 hmin2s=114.8 gait_valid=True sacrificed=[] lower_fall=over_current lower_h_err_mm=-15.4
[direct] ep16 rise_ok=True fall=None trk=0.1092 dist=0.778 tilt2s=4.8 hmin2s=114.8 gait_valid=True sacrificed=[] lower_fall=tilt_pitch lower_h_err_mm=0.8
[direct] ep17 rise_ok=True fall=None trk=0.1014 dist=0.784 tilt2s=4.7 hmin2s=114.8 gait_valid=True sacrificed=[] lower_fall=over_current lower_h_err_mm=-15.8
[direct] ep18 rise_ok=True fall=None trk=0.1076 dist=0.807 tilt2s=5.2 hmin2s=114.8 gait_valid=True sacrificed=[] lower_fall=over_current lower_h_err_mm=-15.3
[direct] ep19 rise_ok=True fall=None trk=0.1083 dist=0.795 tilt2s=5.2 hmin2s=114.8 gait_valid=True sacrificed=[] lower_fall=over_current lower_h_err_mm=17.8
[plant ] ep0 rise_ok=- fall=None trk=0.1041 dist=0.81 tilt2s=3.8 hmin2s=111.3 gait_valid=True sacrificed=[] lower_fall=tilt_roll lower_h_err_mm=-1.5
[plant ] ep1 rise_ok=- fall=None trk=0.1019 dist=0.757 tilt2s=3.9 hmin2s=111.4 gait_valid=True sacrificed=[] lower_fall=over_current lower_h_err_mm=14.9
[plant ] ep2 rise_ok=- fall=None trk=0.1101 dist=0.858 tilt2s=4.1 hmin2s=111.4 gait_valid=True sacrificed=[] lower_fall=over_current lower_h_err_mm=-13.9
[plant ] ep3 rise_ok=- fall=None trk=0.1005 dist=0.836 tilt2s=3.7 hmin2s=111.4 gait_valid=True sacrificed=[] lower_fall=None lower_h_err_mm=-12.8
[plant ] ep4 rise_ok=- fall=None trk=0.0982 dist=0.776 tilt2s=3.9 hmin2s=111.3 gait_valid=True sacrificed=[] lower_fall=over_current lower_h_err_mm=-22.2
[plant ] ep5 rise_ok=- fall=None trk=0.1019 dist=0.757 tilt2s=3.9 hmin2s=111.4 gait_valid=True sacrificed=[] lower_fall=over_current lower_h_err_mm=14.9
[plant ] ep6 rise_ok=- fall=None trk=0.103 dist=0.702 tilt2s=3.6 hmin2s=111.4 gait_valid=True sacrificed=[] lower_fall=tilt_pitch lower_h_err_mm=-8.8
[plant ] ep7 rise_ok=- fall=None trk=0.103 dist=0.702 tilt2s=3.6 hmin2s=111.4 gait_valid=True sacrificed=[] lower_fall=tilt_pitch lower_h_err_mm=-8.8
[plant ] ep8 rise_ok=- fall=None trk=0.1019 dist=0.757 tilt2s=3.9 hmin2s=111.4 gait_valid=True sacrificed=[] lower_fall=over_current lower_h_err_mm=14.9
[plant ] ep9 rise_ok=- fall=None trk=0.1005 dist=0.836 tilt2s=3.7 hmin2s=111.4 gait_valid=True sacrificed=[] lower_fall=None lower_h_err_mm=-12.8
[plant ] ep10 rise_ok=- fall=None trk=0.098 dist=0.754 tilt2s=4.0 hmin2s=111.4 gait_valid=True sacrificed=[] lower_fall=None lower_h_err_mm=-17.1
[plant ] ep11 rise_ok=- fall=None trk=0.1066 dist=0.845 tilt2s=4.5 hmin2s=111.3 gait_valid=True sacrificed=[] lower_fall=over_current lower_h_err_mm=-30.1
[plant ] ep12 rise_ok=- fall=None trk=0.0982 dist=0.776 tilt2s=3.9 hmin2s=111.3 gait_valid=True sacrificed=[] lower_fall=over_current lower_h_err_mm=-22.2
[plant ] ep13 rise_ok=- fall=None trk=0.1101 dist=0.858 tilt2s=4.1 hmin2s=111.4 gait_valid=True sacrificed=[] lower_fall=over_current lower_h_err_mm=-13.9
[plant ] ep14 rise_ok=- fall=None trk=0.1101 dist=0.858 tilt2s=4.1 hmin2s=111.4 gait_valid=True sacrificed=[] lower_fall=over_current lower_h_err_mm=-13.9
[plant ] ep15 rise_ok=- fall=None trk=0.1005 dist=0.836 tilt2s=3.7 hmin2s=111.4 gait_valid=True sacrificed=[] lower_fall=None lower_h_err_mm=-12.8
[plant ] ep16 rise_ok=- fall=None trk=0.098 dist=0.754 tilt2s=4.0 hmin2s=111.4 gait_valid=True sacrificed=[] lower_fall=None lower_h_err_mm=-17.1
[plant ] ep17 rise_ok=- fall=None trk=0.103 dist=0.702 tilt2s=3.6 hmin2s=111.4 gait_valid=True sacrificed=[] lower_fall=tilt_pitch lower_h_err_mm=-8.8
[plant ] ep18 rise_ok=- fall=None trk=0.1101 dist=0.858 tilt2s=4.1 hmin2s=111.4 gait_valid=True sacrificed=[] lower_fall=over_current lower_h_err_mm=-13.9
[plant ] ep19 rise_ok=- fall=None trk=0.1066 dist=0.845 tilt2s=4.5 hmin2s=111.3 gait_valid=True sacrificed=[] lower_fall=over_current lower_h_err_mm=-30.1
{
 "direct": {
  "episodes": 20,
  "rise_valid_plant": 20,
  "rise_failed_pre_handoff": 0,
  "handoff_falls": 0,
  "gait_valid": 20,
  "sacrificed_legs_union": [],
  "trk_err_band": [
   0.1,
   0.117
  ],
  "dist_band": [
   0.721,
   0.975
  ],
  "stumble_tilt_band": [
   4.5,
   5.4
  ],
  "lower_attempted": 20,
  "lower_falls": 14,
  "lower_ok": 2,
  "lower_height_err_end_mm_band": [
   -28.7,
   17.8
  ]
 },
 "plant": {
  "episodes": 20,
  "rise_valid_plant": 0,
  "rise_failed_pre_handoff": 0,
  "handoff_falls": 0,
  "gait_valid": 20,
  "sacrificed_legs_union": [],
  "trk_err_band": [
   0.098,
   0.11
  ],
  "dist_band": [
   0.702,
   0.858
  ],
  "stumble_tilt_band": [
   3.6,
   4.5
  ],
  "lower_attempted": 20,
  "lower_falls": 15,
  "lower_ok": 3,
  "lower_height_err_end_mm_band": [
   -30.1,
   14.9
  ]
 }
}
LIFECYCLE HANDOFF (direct, no scripted blend): CLEAN — no falls after switching on the stance role's pose
LIFECYCLE GAIT VALIDITY (direct, no sacrificed leg): CLEAN
LIFECYCLE LOWER (direct, rise->walk->lower, 3 clean-RL roles): 2/20 ok, 14 falls (err band [-28.7, 17.8])
wrote rl_docs/tracks/walkcurr/lowerrole_fulldir_n20_2026-10-03/raw/treatment/h0.json
