[direct] ep0 rise_ok=True fall=None trk=0.1089 dist=0.71 tilt2s=5.4 hmin2s=114.8 gait_valid=True sacrificed=[] lower_fall=None lower_h_err_mm=-5.6
[direct] ep1 rise_ok=True fall=None trk=0.1081 dist=0.794 tilt2s=4.6 hmin2s=114.7 gait_valid=True sacrificed=[] lower_fall=None lower_h_err_mm=-4.8
[direct] ep2 rise_ok=True fall=None trk=0.1031 dist=0.435 tilt2s=5.9 hmin2s=114.8 gait_valid=True sacrificed=[] lower_fall=None lower_h_err_mm=-4.9
[direct] ep3 rise_ok=True fall=None trk=0.1106 dist=0.7 tilt2s=4.5 hmin2s=114.8 gait_valid=True sacrificed=[] lower_fall=None lower_h_err_mm=-6.4
[direct] ep4 rise_ok=True fall=None trk=0.1029 dist=0.763 tilt2s=4.9 hmin2s=114.8 gait_valid=True sacrificed=[] lower_fall=over_current lower_h_err_mm=-2.1
[direct] ep5 rise_ok=True fall=None trk=0.1141 dist=0.866 tilt2s=4.6 hmin2s=114.8 gait_valid=True sacrificed=[] lower_fall=None lower_h_err_mm=-8.8
[direct] ep6 rise_ok=True fall=None trk=0.1104 dist=0.842 tilt2s=4.4 hmin2s=114.8 gait_valid=True sacrificed=[] lower_fall=over_current lower_h_err_mm=-3.2
[direct] ep7 rise_ok=True fall=None trk=0.1019 dist=0.85 tilt2s=5.3 hmin2s=114.8 gait_valid=True sacrificed=[] lower_fall=None lower_h_err_mm=-2.5
[direct] ep8 rise_ok=True fall=None trk=0.101 dist=0.693 tilt2s=4.4 hmin2s=114.7 gait_valid=True sacrificed=[] lower_fall=None lower_h_err_mm=-12.1
[direct] ep9 rise_ok=True fall=None trk=0.0981 dist=0.806 tilt2s=4.6 hmin2s=114.8 gait_valid=True sacrificed=[] lower_fall=over_current lower_h_err_mm=-4.5
[direct] ep10 rise_ok=True fall=None trk=0.1029 dist=0.614 tilt2s=4.6 hmin2s=114.8 gait_valid=True sacrificed=[] lower_fall=None lower_h_err_mm=-4.3
[direct] ep11 rise_ok=True fall=None trk=0.0983 dist=0.729 tilt2s=4.6 hmin2s=114.8 gait_valid=True sacrificed=[] lower_fall=None lower_h_err_mm=-8.7
[direct] ep12 rise_ok=True fall=None trk=0.1009 dist=0.772 tilt2s=4.8 hmin2s=114.8 gait_valid=True sacrificed=[] lower_fall=None lower_h_err_mm=-6.0
[direct] ep13 rise_ok=True fall=None trk=0.1058 dist=0.747 tilt2s=5.6 hmin2s=114.8 gait_valid=True sacrificed=[] lower_fall=None lower_h_err_mm=-7.6
[direct] ep14 rise_ok=True fall=None trk=0.1147 dist=0.948 tilt2s=4.5 hmin2s=114.7 gait_valid=True sacrificed=[] lower_fall=None lower_h_err_mm=-4.9
[direct] ep15 rise_ok=True fall=None trk=0.1021 dist=0.726 tilt2s=4.8 hmin2s=114.8 gait_valid=True sacrificed=[] lower_fall=None lower_h_err_mm=-4.6
[direct] ep16 rise_ok=True fall=None trk=0.102 dist=0.732 tilt2s=4.8 hmin2s=114.8 gait_valid=True sacrificed=[] lower_fall=over_current lower_h_err_mm=-6.4
[direct] ep17 rise_ok=True fall=None trk=0.1028 dist=0.831 tilt2s=4.3 hmin2s=114.8 gait_valid=True sacrificed=[] lower_fall=None lower_h_err_mm=-7.6
[direct] ep18 rise_ok=True fall=None trk=0.1102 dist=0.875 tilt2s=5.2 hmin2s=114.8 gait_valid=True sacrificed=[] lower_fall=over_current lower_h_err_mm=-4.0
[direct] ep19 rise_ok=True fall=None trk=0.1098 dist=0.737 tilt2s=5.2 hmin2s=114.8 gait_valid=True sacrificed=[] lower_fall=None lower_h_err_mm=-5.6
[plant ] ep0 rise_ok=- fall=None trk=0.1071 dist=0.827 tilt2s=4.0 hmin2s=111.3 gait_valid=True sacrificed=[] lower_fall=None lower_h_err_mm=-6.4
[plant ] ep1 rise_ok=- fall=None trk=0.1068 dist=0.842 tilt2s=4.5 hmin2s=111.4 gait_valid=True sacrificed=[] lower_fall=None lower_h_err_mm=-15.2
[plant ] ep2 rise_ok=- fall=None trk=0.0918 dist=0.74 tilt2s=4.5 hmin2s=111.4 gait_valid=True sacrificed=[] lower_fall=None lower_h_err_mm=-7.3
[plant ] ep3 rise_ok=- fall=None trk=0.1065 dist=0.684 tilt2s=4.5 hmin2s=111.4 gait_valid=True sacrificed=[] lower_fall=None lower_h_err_mm=-11.0
[plant ] ep4 rise_ok=- fall=None trk=0.0989 dist=0.793 tilt2s=4.5 hmin2s=111.3 gait_valid=True sacrificed=[] lower_fall=None lower_h_err_mm=-7.0
[plant ] ep5 rise_ok=- fall=None trk=0.1068 dist=0.842 tilt2s=4.5 hmin2s=111.4 gait_valid=True sacrificed=[] lower_fall=None lower_h_err_mm=-15.2
[plant ] ep6 rise_ok=- fall=None trk=0.101 dist=0.809 tilt2s=4.5 hmin2s=111.4 gait_valid=True sacrificed=[] lower_fall=None lower_h_err_mm=-6.7
[plant ] ep7 rise_ok=- fall=None trk=0.101 dist=0.809 tilt2s=4.5 hmin2s=111.4 gait_valid=True sacrificed=[] lower_fall=None lower_h_err_mm=-6.7
[plant ] ep8 rise_ok=- fall=None trk=0.1068 dist=0.842 tilt2s=4.5 hmin2s=111.4 gait_valid=True sacrificed=[] lower_fall=None lower_h_err_mm=-15.2
[plant ] ep9 rise_ok=- fall=None trk=0.1065 dist=0.684 tilt2s=4.5 hmin2s=111.4 gait_valid=True sacrificed=[] lower_fall=None lower_h_err_mm=-11.0
[plant ] ep10 rise_ok=- fall=None trk=0.103 dist=0.885 tilt2s=3.8 hmin2s=111.4 gait_valid=True sacrificed=[] lower_fall=None lower_h_err_mm=-10.4
[plant ] ep11 rise_ok=- fall=None trk=0.1068 dist=0.767 tilt2s=4.4 hmin2s=111.3 gait_valid=True sacrificed=[] lower_fall=None lower_h_err_mm=-6.7
[plant ] ep12 rise_ok=- fall=None trk=0.0989 dist=0.793 tilt2s=4.5 hmin2s=111.3 gait_valid=True sacrificed=[] lower_fall=None lower_h_err_mm=-7.0
[plant ] ep13 rise_ok=- fall=None trk=0.0918 dist=0.74 tilt2s=4.5 hmin2s=111.4 gait_valid=True sacrificed=[] lower_fall=None lower_h_err_mm=-7.3
[plant ] ep14 rise_ok=- fall=None trk=0.0918 dist=0.74 tilt2s=4.5 hmin2s=111.4 gait_valid=True sacrificed=[] lower_fall=None lower_h_err_mm=-7.3
[plant ] ep15 rise_ok=- fall=None trk=0.1065 dist=0.684 tilt2s=4.5 hmin2s=111.4 gait_valid=True sacrificed=[] lower_fall=None lower_h_err_mm=-11.0
[plant ] ep16 rise_ok=- fall=None trk=0.103 dist=0.885 tilt2s=3.8 hmin2s=111.4 gait_valid=True sacrificed=[] lower_fall=None lower_h_err_mm=-10.4
[plant ] ep17 rise_ok=- fall=None trk=0.101 dist=0.809 tilt2s=4.5 hmin2s=111.4 gait_valid=True sacrificed=[] lower_fall=None lower_h_err_mm=-6.7
[plant ] ep18 rise_ok=- fall=None trk=0.0918 dist=0.74 tilt2s=4.5 hmin2s=111.4 gait_valid=True sacrificed=[] lower_fall=None lower_h_err_mm=-7.3
[plant ] ep19 rise_ok=- fall=None trk=0.1068 dist=0.767 tilt2s=4.4 hmin2s=111.3 gait_valid=True sacrificed=[] lower_fall=None lower_h_err_mm=-6.7
{
 "direct": {
  "episodes": 20,
  "rise_valid_plant": 20,
  "rise_failed_pre_handoff": 0,
  "handoff_falls": 0,
  "gait_valid": 20,
  "sacrificed_legs_union": [],
  "trk_err_band": [
   0.098,
   0.115
  ],
  "dist_band": [
   0.435,
   0.948
  ],
  "stumble_tilt_band": [
   4.3,
   5.9
  ],
  "lower_attempted": 20,
  "lower_falls": 5,
  "lower_ok": 15,
  "lower_height_err_end_mm_band": [
   -12.1,
   -2.1
  ]
 },
 "plant": {
  "episodes": 20,
  "rise_valid_plant": 0,
  "rise_failed_pre_handoff": 0,
  "handoff_falls": 0,
  "gait_valid": 20,
  "sacrificed_legs_union": [],
  "trk_err_band": [
   0.092,
   0.107
  ],
  "dist_band": [
   0.684,
   0.885
  ],
  "stumble_tilt_band": [
   3.8,
   4.5
  ],
  "lower_attempted": 20,
  "lower_falls": 0,
  "lower_ok": 17,
  "lower_height_err_end_mm_band": [
   -15.2,
   -6.4
  ]
 }
}
LIFECYCLE HANDOFF (direct, no scripted blend): CLEAN — no falls after switching on the stance role's pose
LIFECYCLE GAIT VALIDITY (direct, no sacrificed leg): CLEAN
LIFECYCLE LOWER (direct, rise->walk->lower, 3 clean-RL roles): 15/20 ok, 5 falls (err band [-12.1, -2.1])
wrote rl_docs/tracks/walkcurr/lowerrole_truechamp_fulldir_n20_2026-10-03/raw/rot60lower/h180.json
