[direct] ep0 rise_ok=True fall=None trk=0.1002 dist=0.591 tilt2s=5.4 hmin2s=114.8 gait_valid=True sacrificed=[] lower_fall=over_current lower_h_err_mm=-3.5
[direct] ep1 rise_ok=True fall=None trk=0.0967 dist=0.553 tilt2s=4.6 hmin2s=114.7 gait_valid=True sacrificed=[] lower_fall=None lower_h_err_mm=-8.0
[direct] ep2 rise_ok=True fall=None trk=0.0995 dist=0.59 tilt2s=4.8 hmin2s=114.8 gait_valid=True sacrificed=[] lower_fall=tilt_roll lower_h_err_mm=-3.7
[direct] ep3 rise_ok=True fall=None trk=0.1143 dist=0.847 tilt2s=4.5 hmin2s=114.8 gait_valid=True sacrificed=[] lower_fall=None lower_h_err_mm=-5.0
[direct] ep4 rise_ok=True fall=None trk=0.1086 dist=0.755 tilt2s=4.6 hmin2s=114.8 gait_valid=True sacrificed=[] lower_fall=None lower_h_err_mm=-5.3
[direct] ep5 rise_ok=True fall=None trk=0.103 dist=0.569 tilt2s=4.6 hmin2s=114.8 gait_valid=True sacrificed=[] lower_fall=None lower_h_err_mm=-4.3
[direct] ep6 rise_ok=True fall=None trk=0.103 dist=0.668 tilt2s=4.6 hmin2s=114.8 gait_valid=True sacrificed=[] lower_fall=None lower_h_err_mm=-3.4
[direct] ep7 rise_ok=True fall=None trk=0.0997 dist=0.695 tilt2s=5.3 hmin2s=114.8 gait_valid=True sacrificed=[] lower_fall=None lower_h_err_mm=-5.0
[direct] ep8 rise_ok=True fall=None trk=0.1129 dist=0.712 tilt2s=4.5 hmin2s=114.7 gait_valid=True sacrificed=[] lower_fall=None lower_h_err_mm=-8.3
[direct] ep9 rise_ok=True fall=None trk=0.101 dist=0.66 tilt2s=4.6 hmin2s=114.8 gait_valid=True sacrificed=[] lower_fall=None lower_h_err_mm=-5.8
[direct] ep10 rise_ok=True fall=None trk=0.102 dist=0.54 tilt2s=4.6 hmin2s=114.8 gait_valid=True sacrificed=[] lower_fall=over_current lower_h_err_mm=-7.6
[direct] ep11 rise_ok=True fall=None trk=0.1047 dist=0.773 tilt2s=5.9 hmin2s=114.8 gait_valid=True sacrificed=[] lower_fall=None lower_h_err_mm=-3.9
[direct] ep12 rise_ok=True fall=None trk=0.1059 dist=0.78 tilt2s=4.8 hmin2s=114.8 gait_valid=True sacrificed=[] lower_fall=over_current lower_h_err_mm=2.3
[direct] ep13 rise_ok=True fall=None trk=0.1049 dist=0.613 tilt2s=5.3 hmin2s=114.8 gait_valid=True sacrificed=[] lower_fall=over_current lower_h_err_mm=-13.6
[direct] ep14 rise_ok=True fall=None trk=0.1095 dist=0.761 tilt2s=6.0 hmin2s=114.7 gait_valid=True sacrificed=[] lower_fall=None lower_h_err_mm=-13.2
[direct] ep15 rise_ok=True fall=None trk=0.1076 dist=0.784 tilt2s=5.0 hmin2s=114.8 gait_valid=True sacrificed=[] lower_fall=None lower_h_err_mm=-5.7
[direct] ep16 rise_ok=True fall=None trk=0.1028 dist=0.696 tilt2s=4.8 hmin2s=114.8 gait_valid=True sacrificed=[] lower_fall=None lower_h_err_mm=-9.4
[direct] ep17 rise_ok=True fall=None trk=0.1042 dist=0.787 tilt2s=4.2 hmin2s=114.8 gait_valid=True sacrificed=[] lower_fall=None lower_h_err_mm=-5.4
[direct] ep18 rise_ok=True fall=None trk=0.1095 dist=0.731 tilt2s=5.2 hmin2s=114.8 gait_valid=True sacrificed=[] lower_fall=None lower_h_err_mm=-6.4
[direct] ep19 rise_ok=True fall=None trk=0.1134 dist=0.75 tilt2s=5.2 hmin2s=114.8 gait_valid=True sacrificed=[] lower_fall=None lower_h_err_mm=-2.0
[plant ] ep0 rise_ok=- fall=None trk=0.1013 dist=0.755 tilt2s=4.2 hmin2s=111.3 gait_valid=True sacrificed=[] lower_fall=over_current lower_h_err_mm=-3.9
[plant ] ep1 rise_ok=- fall=None trk=0.0991 dist=0.749 tilt2s=4.8 hmin2s=111.4 gait_valid=True sacrificed=[] lower_fall=over_current lower_h_err_mm=-0.7
[plant ] ep2 rise_ok=- fall=None trk=0.1001 dist=0.848 tilt2s=4.2 hmin2s=111.4 gait_valid=True sacrificed=[] lower_fall=None lower_h_err_mm=-2.2
[plant ] ep3 rise_ok=- fall=None trk=0.1019 dist=0.576 tilt2s=3.8 hmin2s=111.4 gait_valid=True sacrificed=[] lower_fall=None lower_h_err_mm=-4.1
[plant ] ep4 rise_ok=- fall=None trk=0.0984 dist=0.7 tilt2s=4.0 hmin2s=111.3 gait_valid=True sacrificed=[] lower_fall=None lower_h_err_mm=-9.7
[plant ] ep5 rise_ok=- fall=None trk=0.0991 dist=0.749 tilt2s=4.8 hmin2s=111.4 gait_valid=True sacrificed=[] lower_fall=over_current lower_h_err_mm=-0.7
[plant ] ep6 rise_ok=- fall=None trk=0.1016 dist=0.844 tilt2s=4.6 hmin2s=111.4 gait_valid=True sacrificed=[] lower_fall=None lower_h_err_mm=-9.6
[plant ] ep7 rise_ok=- fall=None trk=0.1016 dist=0.844 tilt2s=4.6 hmin2s=111.4 gait_valid=True sacrificed=[] lower_fall=None lower_h_err_mm=-9.6
[plant ] ep8 rise_ok=- fall=None trk=0.0991 dist=0.749 tilt2s=4.8 hmin2s=111.4 gait_valid=True sacrificed=[] lower_fall=over_current lower_h_err_mm=-0.7
[plant ] ep9 rise_ok=- fall=None trk=0.1019 dist=0.576 tilt2s=3.8 hmin2s=111.4 gait_valid=True sacrificed=[] lower_fall=None lower_h_err_mm=-4.1
[plant ] ep10 rise_ok=- fall=None trk=0.1038 dist=0.744 tilt2s=4.1 hmin2s=111.4 gait_valid=True sacrificed=[] lower_fall=None lower_h_err_mm=-5.4
[plant ] ep11 rise_ok=- fall=None trk=0.0975 dist=0.738 tilt2s=4.5 hmin2s=111.3 gait_valid=True sacrificed=[] lower_fall=None lower_h_err_mm=-4.3
[plant ] ep12 rise_ok=- fall=None trk=0.0984 dist=0.7 tilt2s=4.0 hmin2s=111.3 gait_valid=True sacrificed=[] lower_fall=None lower_h_err_mm=-9.7
[plant ] ep13 rise_ok=- fall=None trk=0.1001 dist=0.848 tilt2s=4.2 hmin2s=111.4 gait_valid=True sacrificed=[] lower_fall=None lower_h_err_mm=-2.2
[plant ] ep14 rise_ok=- fall=None trk=0.1001 dist=0.848 tilt2s=4.2 hmin2s=111.4 gait_valid=True sacrificed=[] lower_fall=None lower_h_err_mm=-2.2
[plant ] ep15 rise_ok=- fall=None trk=0.1019 dist=0.576 tilt2s=3.8 hmin2s=111.4 gait_valid=True sacrificed=[] lower_fall=None lower_h_err_mm=-4.1
[plant ] ep16 rise_ok=- fall=None trk=0.1038 dist=0.744 tilt2s=4.1 hmin2s=111.4 gait_valid=True sacrificed=[] lower_fall=None lower_h_err_mm=-5.4
[plant ] ep17 rise_ok=- fall=None trk=0.1016 dist=0.844 tilt2s=4.6 hmin2s=111.4 gait_valid=True sacrificed=[] lower_fall=None lower_h_err_mm=-9.6
[plant ] ep18 rise_ok=- fall=None trk=0.1001 dist=0.848 tilt2s=4.2 hmin2s=111.4 gait_valid=True sacrificed=[] lower_fall=None lower_h_err_mm=-2.2
[plant ] ep19 rise_ok=- fall=None trk=0.0975 dist=0.738 tilt2s=4.5 hmin2s=111.3 gait_valid=True sacrificed=[] lower_fall=None lower_h_err_mm=-4.3
{
 "direct": {
  "episodes": 20,
  "rise_valid_plant": 20,
  "rise_failed_pre_handoff": 0,
  "handoff_falls": 0,
  "gait_valid": 20,
  "sacrificed_legs_union": [],
  "trk_err_band": [
   0.097,
   0.114
  ],
  "dist_band": [
   0.54,
   0.847
  ],
  "stumble_tilt_band": [
   4.2,
   6.0
  ],
  "lower_attempted": 20,
  "lower_falls": 5,
  "lower_ok": 15,
  "lower_height_err_end_mm_band": [
   -13.6,
   2.3
  ]
 },
 "plant": {
  "episodes": 20,
  "rise_valid_plant": 0,
  "rise_failed_pre_handoff": 0,
  "handoff_falls": 0,
  "gait_valid": 20,
  "sacrificed_legs_union": [],
  "trk_err_band": [
   0.098,
   0.104
  ],
  "dist_band": [
   0.576,
   0.848
  ],
  "stumble_tilt_band": [
   3.8,
   4.8
  ],
  "lower_attempted": 20,
  "lower_falls": 4,
  "lower_ok": 16,
  "lower_height_err_end_mm_band": [
   -9.7,
   -0.7
  ]
 }
}
LIFECYCLE HANDOFF (direct, no scripted blend): CLEAN — no falls after switching on the stance role's pose
LIFECYCLE GAIT VALIDITY (direct, no sacrificed leg): CLEAN
LIFECYCLE LOWER (direct, rise->walk->lower, 3 clean-RL roles): 15/20 ok, 5 falls (err band [-13.6, 2.3])
wrote rl_docs/tracks/walkcurr/lowerrole_truechamp_fulldir_n20_2026-10-03/raw/baseline/h135.json
