[direct] ep0 rise_ok=True fall=None trk=0.1068 dist=0.894 tilt2s=4.0 hmin2s=114.8 gait_valid=True sacrificed=[] lower_fall=over_current lower_h_err_mm=6.6
[direct] ep1 rise_ok=True fall=None trk=0.0968 dist=0.796 tilt2s=4.3 hmin2s=114.7 gait_valid=True sacrificed=[] lower_fall=over_current lower_h_err_mm=-7.9
[direct] ep2 rise_ok=True fall=None trk=0.1103 dist=0.837 tilt2s=4.4 hmin2s=114.8 gait_valid=True sacrificed=[] lower_fall=over_current lower_h_err_mm=5.1
[direct] ep3 rise_ok=True fall=None trk=0.1041 dist=0.929 tilt2s=4.1 hmin2s=114.8 gait_valid=True sacrificed=[] lower_fall=over_current lower_h_err_mm=-1.7
[direct] ep4 rise_ok=True fall=None trk=0.1075 dist=0.869 tilt2s=4.2 hmin2s=114.8 gait_valid=True sacrificed=[] lower_fall=over_current lower_h_err_mm=3.9
[direct] ep5 rise_ok=True fall=None trk=0.0994 dist=0.806 tilt2s=3.9 hmin2s=114.8 gait_valid=True sacrificed=[] lower_fall=over_current lower_h_err_mm=6.4
[direct] ep6 rise_ok=True fall=None trk=0.1095 dist=0.918 tilt2s=4.2 hmin2s=114.8 gait_valid=True sacrificed=[] lower_fall=over_current lower_h_err_mm=6.0
[direct] ep7 rise_ok=True fall=None trk=0.1056 dist=0.893 tilt2s=3.6 hmin2s=114.8 gait_valid=True sacrificed=[] lower_fall=over_current lower_h_err_mm=23.6
[direct] ep8 rise_ok=True fall=None trk=0.1009 dist=0.762 tilt2s=3.9 hmin2s=114.7 gait_valid=True sacrificed=[] lower_fall=over_current lower_h_err_mm=-32.3
[direct] ep9 rise_ok=True fall=None trk=0.1014 dist=0.836 tilt2s=4.0 hmin2s=114.7 gait_valid=True sacrificed=[] lower_fall=over_current lower_h_err_mm=21.2
[direct] ep10 rise_ok=True fall=None trk=0.1043 dist=0.928 tilt2s=3.9 hmin2s=114.8 gait_valid=True sacrificed=[] lower_fall=over_current lower_h_err_mm=-16.9
[direct] ep11 rise_ok=True fall=None trk=0.1125 dist=0.769 tilt2s=3.7 hmin2s=114.8 gait_valid=True sacrificed=[] lower_fall=over_current lower_h_err_mm=1.4
[direct] ep12 rise_ok=True fall=None trk=0.1028 dist=0.79 tilt2s=4.1 hmin2s=114.8 gait_valid=True sacrificed=[] lower_fall=over_current lower_h_err_mm=-15.0
[direct] ep13 rise_ok=True fall=None trk=0.1038 dist=0.798 tilt2s=3.8 hmin2s=114.8 gait_valid=True sacrificed=[] lower_fall=over_current lower_h_err_mm=20.4
[direct] ep14 rise_ok=True fall=None trk=0.1082 dist=0.79 tilt2s=4.7 hmin2s=114.7 gait_valid=True sacrificed=[] lower_fall=over_current lower_h_err_mm=28.1
[direct] ep15 rise_ok=True fall=None trk=0.0992 dist=0.73 tilt2s=4.2 hmin2s=114.8 gait_valid=True sacrificed=[] lower_fall=over_current lower_h_err_mm=21.7
[direct] ep16 rise_ok=True fall=None trk=0.1041 dist=0.892 tilt2s=4.6 hmin2s=114.8 gait_valid=True sacrificed=[] lower_fall=over_current lower_h_err_mm=4.9
[direct] ep17 rise_ok=True fall=None trk=0.0995 dist=0.835 tilt2s=4.4 hmin2s=114.8 gait_valid=True sacrificed=[] lower_fall=over_current lower_h_err_mm=14.2
[plant ] ep0 rise_ok=- fall=None trk=0.1053 dist=0.884 tilt2s=4.0 hmin2s=111.5 gait_valid=True sacrificed=[] lower_fall=over_current lower_h_err_mm=-5.5
[plant ] ep1 rise_ok=- fall=None trk=0.1107 dist=0.843 tilt2s=3.8 hmin2s=111.3 gait_valid=True sacrificed=[] lower_fall=over_current lower_h_err_mm=11.2
[plant ] ep2 rise_ok=- fall=None trk=0.1045 dist=0.894 tilt2s=4.0 hmin2s=111.4 gait_valid=True sacrificed=[] lower_fall=over_current lower_h_err_mm=-9.6
[plant ] ep3 rise_ok=- fall=None trk=0.1054 dist=0.819 tilt2s=3.9 hmin2s=111.4 gait_valid=True sacrificed=[] lower_fall=over_current lower_h_err_mm=-6.3
[plant ] ep4 rise_ok=- fall=None trk=0.0989 dist=0.793 tilt2s=4.4 hmin2s=111.4 gait_valid=True sacrificed=[] lower_fall=over_current lower_h_err_mm=10.2
[plant ] ep5 rise_ok=- fall=None trk=0.1107 dist=0.843 tilt2s=3.8 hmin2s=111.3 gait_valid=True sacrificed=[] lower_fall=over_current lower_h_err_mm=11.2
[plant ] ep6 rise_ok=- fall=None trk=0.0973 dist=0.725 tilt2s=4.0 hmin2s=111.4 gait_valid=True sacrificed=[] lower_fall=None lower_h_err_mm=-45.3
[plant ] ep7 rise_ok=- fall=None trk=0.0973 dist=0.725 tilt2s=4.0 hmin2s=111.4 gait_valid=True sacrificed=[] lower_fall=None lower_h_err_mm=-45.3
[plant ] ep8 rise_ok=- fall=None trk=0.1107 dist=0.843 tilt2s=3.8 hmin2s=111.3 gait_valid=True sacrificed=[] lower_fall=over_current lower_h_err_mm=11.2
[plant ] ep9 rise_ok=- fall=None trk=0.1054 dist=0.819 tilt2s=3.9 hmin2s=111.4 gait_valid=True sacrificed=[] lower_fall=over_current lower_h_err_mm=-6.3
[plant ] ep10 rise_ok=- fall=None trk=0.098 dist=0.754 tilt2s=4.0 hmin2s=111.4 gait_valid=True sacrificed=[] lower_fall=over_current lower_h_err_mm=18.2
[plant ] ep11 rise_ok=- fall=None trk=0.1023 dist=0.87 tilt2s=4.1 hmin2s=111.3 gait_valid=True sacrificed=[] lower_fall=over_current lower_h_err_mm=-26.4
[plant ] ep12 rise_ok=- fall=None trk=0.0989 dist=0.793 tilt2s=4.4 hmin2s=111.4 gait_valid=True sacrificed=[] lower_fall=over_current lower_h_err_mm=10.2
[plant ] ep13 rise_ok=- fall=None trk=0.1045 dist=0.894 tilt2s=4.0 hmin2s=111.4 gait_valid=True sacrificed=[] lower_fall=over_current lower_h_err_mm=-9.6
[plant ] ep14 rise_ok=- fall=None trk=0.1045 dist=0.894 tilt2s=4.0 hmin2s=111.4 gait_valid=True sacrificed=[] lower_fall=over_current lower_h_err_mm=-9.6
[plant ] ep15 rise_ok=- fall=None trk=0.1054 dist=0.819 tilt2s=3.9 hmin2s=111.4 gait_valid=True sacrificed=[] lower_fall=over_current lower_h_err_mm=-6.3
[plant ] ep16 rise_ok=- fall=None trk=0.098 dist=0.754 tilt2s=4.0 hmin2s=111.4 gait_valid=True sacrificed=[] lower_fall=over_current lower_h_err_mm=18.2
[plant ] ep17 rise_ok=- fall=None trk=0.0973 dist=0.725 tilt2s=4.0 hmin2s=111.4 gait_valid=True sacrificed=[] lower_fall=None lower_h_err_mm=-45.3
{
 "direct": {
  "episodes": 18,
  "rise_valid_plant": 18,
  "rise_failed_pre_handoff": 0,
  "handoff_falls": 0,
  "gait_valid": 18,
  "sacrificed_legs_union": [],
  "trk_err_band": [
   0.097,
   0.113
  ],
  "dist_band": [
   0.73,
   0.929
  ],
  "stumble_tilt_band": [
   3.6,
   4.7
  ],
  "lower_attempted": 18,
  "lower_falls": 18,
  "lower_ok": 0,
  "lower_height_err_end_mm_band": [
   -32.3,
   28.1
  ]
 },
 "plant": {
  "episodes": 18,
  "rise_valid_plant": 0,
  "rise_failed_pre_handoff": 0,
  "handoff_falls": 0,
  "gait_valid": 18,
  "sacrificed_legs_union": [],
  "trk_err_band": [
   0.097,
   0.111
  ],
  "dist_band": [
   0.725,
   0.894
  ],
  "stumble_tilt_band": [
   3.8,
   4.4
  ],
  "lower_attempted": 18,
  "lower_falls": 15,
  "lower_ok": 0,
  "lower_height_err_end_mm_band": [
   -45.3,
   18.2
  ]
 }
}
LIFECYCLE HANDOFF (direct, no scripted blend): CLEAN — no falls after switching on the stance role's pose
LIFECYCLE GAIT VALIDITY (direct, no sacrificed leg): CLEAN
LIFECYCLE LOWER (direct, rise->walk->lower, 3 clean-RL roles): 0/18 ok, 18 falls (err band [-32.3, 28.1])
wrote rl_docs/tracks/walkcurr/lowerrole_holdonly100_evalcfg_confound_2026-10-03/raw/hold100_s0_seed0.json
