[direct] ep0 rise_ok=True fall=None trk=0.0956 dist=0.632 tilt2s=3.8 hmin2s=114.8 gait_valid=True sacrificed=[] lower_fall=over_current lower_h_err_mm=-0.4
[direct] ep1 rise_ok=True fall=None trk=0.0999 dist=0.759 tilt2s=3.8 hmin2s=114.7 gait_valid=True sacrificed=[] lower_fall=over_current lower_h_err_mm=-10.0
[direct] ep2 rise_ok=True fall=None trk=0.1009 dist=0.864 tilt2s=3.7 hmin2s=114.8 gait_valid=True sacrificed=[] lower_fall=over_current lower_h_err_mm=5.8
[direct] ep3 rise_ok=True fall=None trk=0.1051 dist=0.842 tilt2s=4.7 hmin2s=114.7 gait_valid=True sacrificed=[] lower_fall=over_current lower_h_err_mm=4.7
[direct] ep4 rise_ok=True fall=None trk=0.1028 dist=0.837 tilt2s=4.4 hmin2s=114.8 gait_valid=True sacrificed=[] lower_fall=over_current lower_h_err_mm=4.7
[direct] ep5 rise_ok=True fall=None trk=0.105 dist=0.768 tilt2s=3.5 hmin2s=114.7 gait_valid=True sacrificed=[] lower_fall=over_current lower_h_err_mm=-0.2
[direct] ep6 rise_ok=True fall=None trk=0.1097 dist=0.802 tilt2s=3.8 hmin2s=114.8 gait_valid=True sacrificed=[] lower_fall=over_current lower_h_err_mm=1.4
[direct] ep7 rise_ok=True fall=None trk=0.1026 dist=0.806 tilt2s=3.5 hmin2s=114.6 gait_valid=True sacrificed=[] lower_fall=tilt_pitch lower_h_err_mm=8.5
[direct] ep8 rise_ok=True fall=None trk=0.0976 dist=0.824 tilt2s=3.9 hmin2s=114.8 gait_valid=True sacrificed=[] lower_fall=over_current lower_h_err_mm=-3.8
[direct] ep9 rise_ok=True fall=None trk=0.1023 dist=0.784 tilt2s=3.7 hmin2s=114.7 gait_valid=True sacrificed=[] lower_fall=over_current lower_h_err_mm=-5.0
[direct] ep10 rise_ok=True fall=None trk=0.1075 dist=0.855 tilt2s=3.9 hmin2s=114.7 gait_valid=True sacrificed=[] lower_fall=over_current lower_h_err_mm=12.7
[direct] ep11 rise_ok=True fall=None trk=0.099 dist=0.853 tilt2s=3.8 hmin2s=114.7 gait_valid=True sacrificed=[] lower_fall=over_current lower_h_err_mm=-6.9
[direct] ep12 rise_ok=True fall=None trk=0.1138 dist=1.043 tilt2s=4.1 hmin2s=114.7 gait_valid=True sacrificed=[] lower_fall=over_current lower_h_err_mm=-2.5
[direct] ep13 rise_ok=True fall=None trk=0.1012 dist=0.772 tilt2s=4.7 hmin2s=114.7 gait_valid=True sacrificed=[] lower_fall=over_current lower_h_err_mm=-5.6
[direct] ep14 rise_ok=True fall=None trk=0.1044 dist=0.827 tilt2s=3.9 hmin2s=114.6 gait_valid=True sacrificed=[] lower_fall=over_current lower_h_err_mm=-1.9
[direct] ep15 rise_ok=True fall=None trk=0.1084 dist=0.773 tilt2s=4.2 hmin2s=114.7 gait_valid=True sacrificed=[] lower_fall=tilt_roll lower_h_err_mm=1.1
[direct] ep16 rise_ok=True fall=None trk=0.1019 dist=0.793 tilt2s=3.9 hmin2s=114.7 gait_valid=True sacrificed=[] lower_fall=over_current lower_h_err_mm=6.6
[direct] ep17 rise_ok=True fall=None trk=0.0978 dist=0.771 tilt2s=4.2 hmin2s=114.8 gait_valid=True sacrificed=[] lower_fall=over_current lower_h_err_mm=-5.9
[plant ] ep0 rise_ok=- fall=None trk=0.1054 dist=0.819 tilt2s=3.9 hmin2s=111.4 gait_valid=True sacrificed=[] lower_fall=over_current lower_h_err_mm=0.8
[plant ] ep1 rise_ok=- fall=None trk=0.1023 dist=0.87 tilt2s=4.1 hmin2s=111.3 gait_valid=True sacrificed=[] lower_fall=over_current lower_h_err_mm=1.0
[plant ] ep2 rise_ok=- fall=None trk=0.1054 dist=0.819 tilt2s=3.9 hmin2s=111.4 gait_valid=True sacrificed=[] lower_fall=over_current lower_h_err_mm=0.8
[plant ] ep3 rise_ok=- fall=None trk=0.1107 dist=0.843 tilt2s=3.8 hmin2s=111.3 gait_valid=True sacrificed=[] lower_fall=over_current lower_h_err_mm=-2.2
[plant ] ep4 rise_ok=- fall=None trk=0.1107 dist=0.843 tilt2s=3.8 hmin2s=111.3 gait_valid=True sacrificed=[] lower_fall=over_current lower_h_err_mm=-2.2
[plant ] ep5 rise_ok=- fall=None trk=0.1023 dist=0.87 tilt2s=4.1 hmin2s=111.3 gait_valid=True sacrificed=[] lower_fall=over_current lower_h_err_mm=1.0
[plant ] ep6 rise_ok=- fall=None trk=0.1053 dist=0.884 tilt2s=4.0 hmin2s=111.5 gait_valid=True sacrificed=[] lower_fall=tilt_roll lower_h_err_mm=10.3
[plant ] ep7 rise_ok=- fall=None trk=0.1023 dist=0.87 tilt2s=4.1 hmin2s=111.3 gait_valid=True sacrificed=[] lower_fall=over_current lower_h_err_mm=1.0
[plant ] ep8 rise_ok=- fall=None trk=0.0973 dist=0.725 tilt2s=4.0 hmin2s=111.4 gait_valid=True sacrificed=[] lower_fall=over_current lower_h_err_mm=0.6
[plant ] ep9 rise_ok=- fall=None trk=0.0973 dist=0.725 tilt2s=4.0 hmin2s=111.4 gait_valid=True sacrificed=[] lower_fall=over_current lower_h_err_mm=0.6
[plant ] ep10 rise_ok=- fall=None trk=0.1023 dist=0.87 tilt2s=4.1 hmin2s=111.3 gait_valid=True sacrificed=[] lower_fall=over_current lower_h_err_mm=1.0
[plant ] ep11 rise_ok=- fall=None trk=0.1023 dist=0.87 tilt2s=4.1 hmin2s=111.3 gait_valid=True sacrificed=[] lower_fall=over_current lower_h_err_mm=1.0
[plant ] ep12 rise_ok=- fall=None trk=0.1053 dist=0.884 tilt2s=4.0 hmin2s=111.5 gait_valid=True sacrificed=[] lower_fall=tilt_roll lower_h_err_mm=10.3
[plant ] ep13 rise_ok=- fall=None trk=0.098 dist=0.754 tilt2s=4.0 hmin2s=111.4 gait_valid=True sacrificed=[] lower_fall=over_current lower_h_err_mm=-6.5
[plant ] ep14 rise_ok=- fall=None trk=0.1045 dist=0.894 tilt2s=4.0 hmin2s=111.4 gait_valid=True sacrificed=[] lower_fall=over_current lower_h_err_mm=-4.2
[plant ] ep15 rise_ok=- fall=None trk=0.0989 dist=0.793 tilt2s=4.4 hmin2s=111.4 gait_valid=True sacrificed=[] lower_fall=over_current lower_h_err_mm=3.6
[plant ] ep16 rise_ok=- fall=None trk=0.098 dist=0.754 tilt2s=4.0 hmin2s=111.4 gait_valid=True sacrificed=[] lower_fall=over_current lower_h_err_mm=-6.5
[plant ] ep17 rise_ok=- fall=None trk=0.0973 dist=0.725 tilt2s=4.0 hmin2s=111.4 gait_valid=True sacrificed=[] lower_fall=over_current lower_h_err_mm=0.6
{
 "direct": {
  "episodes": 18,
  "rise_valid_plant": 18,
  "rise_failed_pre_handoff": 0,
  "handoff_falls": 0,
  "gait_valid": 18,
  "sacrificed_legs_union": [],
  "trk_err_band": [
   0.096,
   0.114
  ],
  "dist_band": [
   0.632,
   1.043
  ],
  "stumble_tilt_band": [
   3.5,
   4.7
  ],
  "lower_attempted": 18,
  "lower_falls": 18,
  "lower_ok": 0,
  "lower_height_err_end_mm_band": [
   -10.0,
   12.7
  ]
 },
 "plant": {
  "episodes": 18,
  "rise_valid_plant": 0,
  "rise_failed_pre_handoff": 0,
  "handoff_falls": 0,
  "gait_valid": 18,
  "sacrificed_legs_union": [],
  "trk_err_band": [
   0.097,
   0.111
  ],
  "dist_band": [
   0.725,
   0.894
  ],
  "stumble_tilt_band": [
   3.8,
   4.4
  ],
  "lower_attempted": 18,
  "lower_falls": 18,
  "lower_ok": 0,
  "lower_height_err_end_mm_band": [
   -6.5,
   10.3
  ]
 }
}
LIFECYCLE HANDOFF (direct, no scripted blend): CLEAN — no falls after switching on the stance role's pose
LIFECYCLE GAIT VALIDITY (direct, no sacrificed leg): CLEAN
LIFECYCLE LOWER (direct, rise->walk->lower, 3 clean-RL roles): 0/18 ok, 18 falls (err band [-10.0, 12.7])
wrote rl_docs/tracks/walkcurr/lowerrole_holdonly100_evalcfg_confound_2026-10-03/raw/hold100_s2_seed100.json
