[direct] ep0 rise_ok=True fall=None trk=0.112 dist=0.885 tilt2s=5.4 hmin2s=114.8 gait_valid=True sacrificed=[] lower_fall=over_current lower_h_err_mm=-14.3
[direct] ep1 rise_ok=True fall=None trk=0.1039 dist=0.771 tilt2s=4.6 hmin2s=114.7 gait_valid=True sacrificed=[] lower_fall=tilt_pitch lower_h_err_mm=2.1
[direct] ep2 rise_ok=True fall=None trk=0.1002 dist=0.769 tilt2s=4.8 hmin2s=114.8 gait_valid=True sacrificed=[] lower_fall=over_current lower_h_err_mm=-12.1
[direct] ep3 rise_ok=True fall=None trk=0.1022 dist=0.945 tilt2s=4.5 hmin2s=114.8 gait_valid=True sacrificed=[] lower_fall=None lower_h_err_mm=-18.1
[direct] ep4 rise_ok=True fall=None trk=0.1079 dist=0.862 tilt2s=4.6 hmin2s=114.8 gait_valid=True sacrificed=[] lower_fall=None lower_h_err_mm=-16.1
[direct] ep5 rise_ok=True fall=None trk=0.0939 dist=0.71 tilt2s=4.6 hmin2s=114.8 gait_valid=True sacrificed=[] lower_fall=None lower_h_err_mm=-17.9
[direct] ep6 rise_ok=True fall=None trk=0.1009 dist=0.785 tilt2s=4.3 hmin2s=114.8 gait_valid=True sacrificed=[] lower_fall=over_current lower_h_err_mm=-15.7
[direct] ep7 rise_ok=True fall=None trk=0.1021 dist=0.864 tilt2s=5.3 hmin2s=114.8 gait_valid=True sacrificed=[] lower_fall=over_current lower_h_err_mm=16.0
[direct] ep8 rise_ok=True fall=None trk=0.0978 dist=0.852 tilt2s=4.7 hmin2s=114.7 gait_valid=True sacrificed=[] lower_fall=over_current lower_h_err_mm=17.7
[direct] ep9 rise_ok=True fall=None trk=0.1125 dist=0.922 tilt2s=4.6 hmin2s=114.8 gait_valid=True sacrificed=[] lower_fall=over_current lower_h_err_mm=-17.9
[direct] ep10 rise_ok=True fall=None trk=0.1087 dist=0.758 tilt2s=4.6 hmin2s=114.8 gait_valid=True sacrificed=[] lower_fall=None lower_h_err_mm=-7.6
[direct] ep11 rise_ok=True fall=None trk=0.0958 dist=0.714 tilt2s=4.6 hmin2s=114.8 gait_valid=True sacrificed=[] lower_fall=over_current lower_h_err_mm=-24.7
[direct] ep12 rise_ok=True fall=None trk=0.0973 dist=0.695 tilt2s=4.8 hmin2s=114.8 gait_valid=True sacrificed=[] lower_fall=over_current lower_h_err_mm=15.0
[direct] ep13 rise_ok=True fall=None trk=0.106 dist=0.869 tilt2s=5.3 hmin2s=114.8 gait_valid=True sacrificed=[] lower_fall=over_current lower_h_err_mm=-20.3
[direct] ep14 rise_ok=True fall=None trk=0.0993 dist=0.679 tilt2s=4.9 hmin2s=114.7 gait_valid=True sacrificed=[] lower_fall=over_current lower_h_err_mm=-18.0
[direct] ep15 rise_ok=True fall=None trk=0.1042 dist=0.786 tilt2s=4.8 hmin2s=114.8 gait_valid=True sacrificed=[] lower_fall=tilt_pitch lower_h_err_mm=10.3
[direct] ep16 rise_ok=True fall=None trk=0.1009 dist=0.758 tilt2s=4.8 hmin2s=114.8 gait_valid=True sacrificed=[] lower_fall=None lower_h_err_mm=-17.4
[direct] ep17 rise_ok=True fall=None trk=0.0906 dist=0.647 tilt2s=4.2 hmin2s=114.8 gait_valid=True sacrificed=[] lower_fall=None lower_h_err_mm=-15.9
[direct] ep18 rise_ok=True fall=None trk=0.1078 dist=0.793 tilt2s=5.2 hmin2s=114.8 gait_valid=True sacrificed=[] lower_fall=over_current lower_h_err_mm=-13.5
[direct] ep19 rise_ok=True fall=None trk=0.1101 dist=0.829 tilt2s=5.2 hmin2s=114.8 gait_valid=True sacrificed=[] lower_fall=tilt_pitch lower_h_err_mm=-9.3
[plant ] ep0 rise_ok=- fall=None trk=0.1046 dist=0.777 tilt2s=5.8 hmin2s=111.3 gait_valid=True sacrificed=[] lower_fall=over_current lower_h_err_mm=-11.3
[plant ] ep1 rise_ok=- fall=None trk=0.1033 dist=0.697 tilt2s=4.2 hmin2s=111.4 gait_valid=True sacrificed=[] lower_fall=None lower_h_err_mm=-17.9
[plant ] ep2 rise_ok=- fall=None trk=0.1024 dist=0.785 tilt2s=4.1 hmin2s=111.4 gait_valid=True sacrificed=[] lower_fall=over_current lower_h_err_mm=-12.5
[plant ] ep3 rise_ok=- fall=None trk=0.0985 dist=0.762 tilt2s=5.7 hmin2s=111.4 gait_valid=True sacrificed=[] lower_fall=None lower_h_err_mm=-14.8
[plant ] ep4 rise_ok=- fall=None trk=0.1017 dist=0.735 tilt2s=4.8 hmin2s=111.3 gait_valid=True sacrificed=[] lower_fall=over_current lower_h_err_mm=-0.1
[plant ] ep5 rise_ok=- fall=None trk=0.1033 dist=0.697 tilt2s=4.2 hmin2s=111.4 gait_valid=True sacrificed=[] lower_fall=None lower_h_err_mm=-17.9
[plant ] ep6 rise_ok=- fall=None trk=0.1048 dist=0.67 tilt2s=4.9 hmin2s=111.4 gait_valid=True sacrificed=[] lower_fall=None lower_h_err_mm=-15.7
[plant ] ep7 rise_ok=- fall=None trk=0.1048 dist=0.67 tilt2s=4.9 hmin2s=111.4 gait_valid=True sacrificed=[] lower_fall=None lower_h_err_mm=-15.7
[plant ] ep8 rise_ok=- fall=None trk=0.1033 dist=0.697 tilt2s=4.2 hmin2s=111.4 gait_valid=True sacrificed=[] lower_fall=None lower_h_err_mm=-17.9
[plant ] ep9 rise_ok=- fall=None trk=0.0985 dist=0.762 tilt2s=5.7 hmin2s=111.4 gait_valid=True sacrificed=[] lower_fall=None lower_h_err_mm=-14.8
[plant ] ep10 rise_ok=- fall=None trk=0.1039 dist=0.776 tilt2s=4.5 hmin2s=111.4 gait_valid=True sacrificed=[] lower_fall=over_current lower_h_err_mm=-13.4
[plant ] ep11 rise_ok=- fall=None trk=0.0978 dist=0.65 tilt2s=3.6 hmin2s=111.3 gait_valid=True sacrificed=[] lower_fall=tilt_roll lower_h_err_mm=-13.7
[plant ] ep12 rise_ok=- fall=None trk=0.1017 dist=0.735 tilt2s=4.8 hmin2s=111.3 gait_valid=True sacrificed=[] lower_fall=over_current lower_h_err_mm=-0.1
[plant ] ep13 rise_ok=- fall=None trk=0.1024 dist=0.785 tilt2s=4.1 hmin2s=111.4 gait_valid=True sacrificed=[] lower_fall=over_current lower_h_err_mm=-12.5
[plant ] ep14 rise_ok=- fall=None trk=0.1024 dist=0.785 tilt2s=4.1 hmin2s=111.4 gait_valid=True sacrificed=[] lower_fall=over_current lower_h_err_mm=-12.5
[plant ] ep15 rise_ok=- fall=None trk=0.0985 dist=0.762 tilt2s=5.7 hmin2s=111.4 gait_valid=True sacrificed=[] lower_fall=None lower_h_err_mm=-14.8
[plant ] ep16 rise_ok=- fall=None trk=0.1039 dist=0.776 tilt2s=4.5 hmin2s=111.4 gait_valid=True sacrificed=[] lower_fall=over_current lower_h_err_mm=-13.4
[plant ] ep17 rise_ok=- fall=None trk=0.1048 dist=0.67 tilt2s=4.9 hmin2s=111.4 gait_valid=True sacrificed=[] lower_fall=None lower_h_err_mm=-15.7
[plant ] ep18 rise_ok=- fall=None trk=0.1024 dist=0.785 tilt2s=4.1 hmin2s=111.4 gait_valid=True sacrificed=[] lower_fall=over_current lower_h_err_mm=-12.5
[plant ] ep19 rise_ok=- fall=None trk=0.0978 dist=0.65 tilt2s=3.6 hmin2s=111.3 gait_valid=True sacrificed=[] lower_fall=tilt_roll lower_h_err_mm=-13.7
{
 "direct": {
  "episodes": 20,
  "rise_valid_plant": 20,
  "rise_failed_pre_handoff": 0,
  "handoff_falls": 0,
  "gait_valid": 20,
  "sacrificed_legs_union": [],
  "trk_err_band": [
   0.091,
   0.113
  ],
  "dist_band": [
   0.647,
   0.945
  ],
  "stumble_tilt_band": [
   4.2,
   5.4
  ],
  "lower_attempted": 20,
  "lower_falls": 14,
  "lower_ok": 1,
  "lower_height_err_end_mm_band": [
   -24.7,
   17.7
  ]
 },
 "plant": {
  "episodes": 20,
  "rise_valid_plant": 0,
  "rise_failed_pre_handoff": 0,
  "handoff_falls": 0,
  "gait_valid": 20,
  "sacrificed_legs_union": [],
  "trk_err_band": [
   0.098,
   0.105
  ],
  "dist_band": [
   0.65,
   0.785
  ],
  "stumble_tilt_band": [
   3.6,
   5.8
  ],
  "lower_attempted": 20,
  "lower_falls": 11,
  "lower_ok": 3,
  "lower_height_err_end_mm_band": [
   -17.9,
   -0.1
  ]
 }
}
LIFECYCLE HANDOFF (direct, no scripted blend): CLEAN — no falls after switching on the stance role's pose
LIFECYCLE GAIT VALIDITY (direct, no sacrificed leg): CLEAN
LIFECYCLE LOWER (direct, rise->walk->lower, 3 clean-RL roles): 1/20 ok, 14 falls (err band [-24.7, 17.7])
wrote rl_docs/tracks/walkcurr/lowerrole_fulldir_n20_2026-10-03/raw/baseline/h-45.json
