BUILD Warp, B=4 workers=2; source hashes recorded
Warp 1.16.0 initialized:
   CUDA Toolkit 12.9, Driver 13.0
   Devices:
     "cpu"      : "CPU"
     "cuda:0"   : "NVIDIA H200" (140 GiB, sm_90, mempool enabled)
   Kernel cache:
     /root/.cache/warp/1.16.0
RESET: initial pool plus live episode
Module mujoco.mjx.warp.ffi 7a22eb4 load on device 'cuda:0' took 0.59 ms  (cached)
Module mujoco.mjx.third_party.mujoco_warp._src.smooth 47158eb load on device 'cuda:0' took 5.79 ms  (cached)
Module _nxn_broadphase__locals__kernel_3e896ca5 3e896ca load on device 'cuda:0' took 0.49 ms  (cached)
Module _primitive_narrowphase__locals__primitive_narrowphase_532216a6 532216a load on device 'cuda:0' took 1.06 ms  (cached)
Module mujoco.mjx.third_party.mujoco_warp._src.constraint 36c8060 load on device 'cuda:0' took 0.43 ms  (cached)
Module _friction_dof__locals__kernel_a6ed3529 a6ed352 load on device 'cuda:0' took 0.51 ms  (cached)
Module _limit_slide_hinge__locals__kernel_56cb53b3 56cb53b load on device 'cuda:0' took 0.50 ms  (cached)
Module _efc_contact_init__locals__kernel_26582b3e 26582b3 load on device 'cuda:0' took 0.47 ms  (cached)
Module _efc_contact_jac_dense__locals__kernel_26dff411 9f67078 load on device 'cuda:0' took 0.52 ms  (cached)
Module _efc_contact_update__locals__kernel_56019adc 56019ad load on device 'cuda:0' took 0.49 ms  (cached)
Module mujoco.mjx.third_party.mujoco_warp._src.sensor de892d8 load on device 'cuda:0' took 2.73 ms  (cached)
Module mujoco.mjx.third_party.mujoco_warp._src.forward 81c85c8 load on device 'cuda:0' took 1.13 ms  (cached)
Module mujoco.mjx.third_party.mujoco_warp._src.passive efc109c load on device 'cuda:0' took 1.39 ms  (cached)
Module mujoco.mjx.third_party.mujoco_warp._src.forward fc5c4e4 load on device 'cuda:0' took 1.21 ms  (cached)
Module _qfrc_smooth__locals__kernel_b98573a2 b98573a load on device 'cuda:0' took 0.41 ms  (cached)
Module mujoco.mjx.third_party.mujoco_warp._src.support ca784c5 load on device 'cuda:0' took 0.44 ms  (cached)
Module _tile_cholesky_factorize_solve_block__locals__kernel_d3732493 a90df80 load on device 'cuda:0' took 33.46 ms  (cached)
Module mujoco.mjx.third_party.mujoco_warp._src.solver 4a1f2fb load on device 'cuda:0' took 2.01 ms  (cached)
Module _solve_init_jaref_kernel__locals__kernel_ceff2518 ceff251 load on device 'cuda:0' took 0.63 ms  (cached)
Module mul_m_kernel__locals___mul_m_dc7994af dc7994a load on device 'cuda:0' took 0.53 ms  (cached)
Module _update_constraint_efc__locals__kernel_34351367 3435136 load on device 'cuda:0' took 0.50 ms  (cached)
Module _update_constraint_init_qfrc_constraint_dense__locals__kernel_626172ab 626172a load on device 'cuda:0' took 0.47 ms  (cached)
Module _update_gradient_zero_grad_dot__locals__kernel_d22ec30a d22ec30 load on device 'cuda:0' took 0.43 ms  (cached)
Module _update_gradient_grad__locals__kernel_30531d0a 30531d0 load on device 'cuda:0' took 0.42 ms  (cached)
Module _update_gradient_JTDAJ_dense_tiled__locals__kernel_c16a9f32 7d3f516 load on device 'cuda:0' took 0.92 ms  (cached)
Module _update_gradient_cholesky__locals__kernel_25359851 955f36a load on device 'cuda:0' took 34.94 ms  (cached)
Module _linesearch_iterative_kernel__locals__kernel_7d25eb21 947e9e8 load on device 'cuda:0' took 1361.14 ms  (compiled)
Module _solve_zero_search_dot__locals__kernel_9447c2fc 9447c2f load on device 'cuda:0' took 0.59 ms  (cached)
Module _solve_search_update__locals__kernel_427332be 427332b load on device 'cuda:0' took 0.46 ms  (cached)
Module _next_time_builder__locals___next_time_a67f49d6 a67f49d load on device 'cuda:0' took 0.58 ms  (cached)
STEP: 130 ticks by default; forced pops at ticks 2 and 6
PROGRESS tick=8 forced_pops=2 truncations=0
PROGRESS tick=130 forced_pops=2 truncations=4
RESET again: rebuild pools with later geometry draws
PASS: runtime and decode parity; no physics bit-parity claim
