[direct] ep0 rise_ok=True fall=None trk=0.1083 dist=0.868 tilt2s=4.7 hmin2s=114.8 gait_valid=True sacrificed=[] lower_fall=None lower_h_err_mm=-5.0
[direct] ep1 rise_ok=True fall=None trk=0.1109 dist=0.903 tilt2s=3.8 hmin2s=114.7 gait_valid=True sacrificed=[] lower_fall=None lower_h_err_mm=-6.8
[direct] ep2 rise_ok=True fall=None trk=0.0939 dist=0.769 tilt2s=3.7 hmin2s=114.8 gait_valid=True sacrificed=[] lower_fall=over_current lower_h_err_mm=0.3
[direct] ep3 rise_ok=True fall=None trk=0.1027 dist=0.83 tilt2s=4.7 hmin2s=114.7 gait_valid=True sacrificed=[] lower_fall=None lower_h_err_mm=-5.9
[direct] ep4 rise_ok=True fall=None trk=0.1064 dist=0.896 tilt2s=4.4 hmin2s=114.8 gait_valid=True sacrificed=[] lower_fall=None lower_h_err_mm=-0.7
[direct] ep5 rise_ok=True fall=None trk=0.0989 dist=0.769 tilt2s=3.7 hmin2s=114.7 gait_valid=True sacrificed=[] lower_fall=tilt_roll lower_h_err_mm=-1.5
[direct] ep6 rise_ok=True fall=None trk=0.1074 dist=0.81 tilt2s=3.8 hmin2s=114.8 gait_valid=True sacrificed=[] lower_fall=over_current lower_h_err_mm=-6.0
[direct] ep7 rise_ok=True fall=None trk=0.0988 dist=0.708 tilt2s=3.5 hmin2s=114.6 gait_valid=True sacrificed=[] lower_fall=None lower_h_err_mm=-6.7
[direct] ep8 rise_ok=True fall=None trk=0.1044 dist=0.841 tilt2s=3.9 hmin2s=114.8 gait_valid=True sacrificed=[] lower_fall=None lower_h_err_mm=-4.3
[direct] ep9 rise_ok=True fall=None trk=0.1075 dist=0.847 tilt2s=4.6 hmin2s=114.7 gait_valid=True sacrificed=[] lower_fall=None lower_h_err_mm=-10.9
[direct] ep10 rise_ok=True fall=None trk=0.0979 dist=0.788 tilt2s=3.9 hmin2s=114.7 gait_valid=True sacrificed=[] lower_fall=over_current lower_h_err_mm=-1.1
[direct] ep11 rise_ok=True fall=None trk=0.1098 dist=0.91 tilt2s=4.9 hmin2s=114.7 gait_valid=True sacrificed=[] lower_fall=over_current lower_h_err_mm=-2.5
[direct] ep12 rise_ok=True fall=None trk=0.1015 dist=0.795 tilt2s=4.1 hmin2s=114.7 gait_valid=True sacrificed=[] lower_fall=None lower_h_err_mm=-7.9
[direct] ep13 rise_ok=True fall=None trk=0.1051 dist=0.829 tilt2s=4.7 hmin2s=114.7 gait_valid=True sacrificed=[] lower_fall=None lower_h_err_mm=-5.2
[direct] ep14 rise_ok=True fall=None trk=0.1026 dist=0.751 tilt2s=4.5 hmin2s=114.6 gait_valid=True sacrificed=[] lower_fall=tilt_roll lower_h_err_mm=-4.4
[direct] ep15 rise_ok=True fall=None trk=0.109 dist=0.893 tilt2s=4.2 hmin2s=114.7 gait_valid=True sacrificed=[] lower_fall=over_current lower_h_err_mm=-0.1
[direct] ep16 rise_ok=True fall=None trk=0.1041 dist=0.872 tilt2s=3.9 hmin2s=114.7 gait_valid=True sacrificed=[] lower_fall=None lower_h_err_mm=-2.5
[direct] ep17 rise_ok=True fall=None trk=0.0976 dist=0.74 tilt2s=4.2 hmin2s=114.8 gait_valid=True sacrificed=[] lower_fall=tilt_roll lower_h_err_mm=-0.1
[plant ] ep0 rise_ok=- fall=None trk=0.1088 dist=0.833 tilt2s=3.9 hmin2s=111.4 gait_valid=True sacrificed=[] lower_fall=None lower_h_err_mm=-4.0
[plant ] ep1 rise_ok=- fall=None trk=0.1112 dist=0.814 tilt2s=4.1 hmin2s=111.3 gait_valid=True sacrificed=[] lower_fall=None lower_h_err_mm=-9.3
[plant ] ep2 rise_ok=- fall=None trk=0.1088 dist=0.833 tilt2s=3.9 hmin2s=111.4 gait_valid=True sacrificed=[] lower_fall=None lower_h_err_mm=-4.0
[plant ] ep3 rise_ok=- fall=None trk=0.11 dist=0.922 tilt2s=3.8 hmin2s=111.3 gait_valid=True sacrificed=[] lower_fall=None lower_h_err_mm=-9.8
[plant ] ep4 rise_ok=- fall=None trk=0.11 dist=0.922 tilt2s=3.8 hmin2s=111.3 gait_valid=True sacrificed=[] lower_fall=None lower_h_err_mm=-9.8
[plant ] ep5 rise_ok=- fall=None trk=0.1112 dist=0.814 tilt2s=4.1 hmin2s=111.3 gait_valid=True sacrificed=[] lower_fall=None lower_h_err_mm=-9.3
[plant ] ep6 rise_ok=- fall=None trk=0.1034 dist=0.834 tilt2s=4.6 hmin2s=111.5 gait_valid=True sacrificed=[] lower_fall=None lower_h_err_mm=-6.4
[plant ] ep7 rise_ok=- fall=None trk=0.1112 dist=0.814 tilt2s=4.1 hmin2s=111.3 gait_valid=True sacrificed=[] lower_fall=None lower_h_err_mm=-9.3
[plant ] ep8 rise_ok=- fall=None trk=0.1033 dist=0.807 tilt2s=4.0 hmin2s=111.4 gait_valid=True sacrificed=[] lower_fall=tilt_roll lower_h_err_mm=0.6
[plant ] ep9 rise_ok=- fall=None trk=0.1033 dist=0.807 tilt2s=4.0 hmin2s=111.4 gait_valid=True sacrificed=[] lower_fall=tilt_roll lower_h_err_mm=0.6
[plant ] ep10 rise_ok=- fall=None trk=0.1112 dist=0.814 tilt2s=4.1 hmin2s=111.3 gait_valid=True sacrificed=[] lower_fall=None lower_h_err_mm=-9.3
[plant ] ep11 rise_ok=- fall=None trk=0.1112 dist=0.814 tilt2s=4.1 hmin2s=111.3 gait_valid=True sacrificed=[] lower_fall=None lower_h_err_mm=-9.3
[plant ] ep12 rise_ok=- fall=None trk=0.1034 dist=0.834 tilt2s=4.6 hmin2s=111.5 gait_valid=True sacrificed=[] lower_fall=None lower_h_err_mm=-6.4
[plant ] ep13 rise_ok=- fall=None trk=0.1051 dist=0.76 tilt2s=4.0 hmin2s=111.4 gait_valid=True sacrificed=[] lower_fall=None lower_h_err_mm=-5.6
[plant ] ep14 rise_ok=- fall=None trk=0.1055 dist=0.769 tilt2s=4.4 hmin2s=111.4 gait_valid=True sacrificed=[] lower_fall=over_current lower_h_err_mm=5.5
[plant ] ep15 rise_ok=- fall=None trk=0.1115 dist=0.971 tilt2s=4.4 hmin2s=111.4 gait_valid=True sacrificed=[] lower_fall=None lower_h_err_mm=-7.6
[plant ] ep16 rise_ok=- fall=None trk=0.1051 dist=0.76 tilt2s=4.0 hmin2s=111.4 gait_valid=True sacrificed=[] lower_fall=None lower_h_err_mm=-5.6
[plant ] ep17 rise_ok=- fall=None trk=0.1033 dist=0.807 tilt2s=4.0 hmin2s=111.4 gait_valid=True sacrificed=[] lower_fall=tilt_roll lower_h_err_mm=0.6
{
 "direct": {
  "episodes": 18,
  "rise_valid_plant": 18,
  "rise_failed_pre_handoff": 0,
  "handoff_falls": 0,
  "gait_valid": 18,
  "sacrificed_legs_union": [],
  "trk_err_band": [
   0.094,
   0.111
  ],
  "dist_band": [
   0.708,
   0.91
  ],
  "stumble_tilt_band": [
   3.5,
   4.9
  ],
  "lower_attempted": 18,
  "lower_falls": 8,
  "lower_ok": 10,
  "lower_height_err_end_mm_band": [
   -10.9,
   0.3
  ]
 },
 "plant": {
  "episodes": 18,
  "rise_valid_plant": 0,
  "rise_failed_pre_handoff": 0,
  "handoff_falls": 0,
  "gait_valid": 18,
  "sacrificed_legs_union": [],
  "trk_err_band": [
   0.103,
   0.112
  ],
  "dist_band": [
   0.76,
   0.971
  ],
  "stumble_tilt_band": [
   3.8,
   4.6
  ],
  "lower_attempted": 18,
  "lower_falls": 4,
  "lower_ok": 14,
  "lower_height_err_end_mm_band": [
   -9.8,
   5.5
  ]
 }
}
LIFECYCLE HANDOFF (direct, no scripted blend): CLEAN — no falls after switching on the stance role's pose
LIFECYCLE GAIT VALIDITY (direct, no sacrificed leg): CLEAN
LIFECYCLE LOWER (direct, rise->walk->lower, 3 clean-RL roles): 10/18 ok, 8 falls (err band [-10.9, 0.3])
wrote rl_docs/tracks/walkcurr/lowerrole_overcurrent_stallclass_2026-10-01/s0_seed100_n18_report.json
