[direct] ep0 rise_ok=True fall=None trk=0.1076 dist=0.892 tilt2s=3.9 hmin2s=114.8 gait_valid=True sacrificed=[] lower_fall=None lower_h_err_mm=-1.9
[direct] ep1 rise_ok=True fall=None trk=0.1069 dist=0.906 tilt2s=4.0 hmin2s=114.7 gait_valid=True sacrificed=[] lower_fall=None lower_h_err_mm=-2.4
[direct] ep2 rise_ok=True fall=None trk=0.1021 dist=0.756 tilt2s=4.4 hmin2s=114.8 gait_valid=True sacrificed=[] lower_fall=None lower_h_err_mm=-2.5
[direct] ep3 rise_ok=True fall=None trk=0.0981 dist=0.733 tilt2s=4.1 hmin2s=114.8 gait_valid=True sacrificed=[] lower_fall=None lower_h_err_mm=-2.7
[direct] ep4 rise_ok=True fall=None trk=0.1026 dist=0.809 tilt2s=4.4 hmin2s=114.8 gait_valid=True sacrificed=[] lower_fall=None lower_h_err_mm=-5.7
[direct] ep5 rise_ok=True fall=None trk=0.0993 dist=0.831 tilt2s=4.8 hmin2s=114.8 gait_valid=True sacrificed=[] lower_fall=None lower_h_err_mm=-6.9
[direct] ep6 rise_ok=True fall=None trk=0.1133 dist=0.943 tilt2s=4.2 hmin2s=114.8 gait_valid=True sacrificed=[] lower_fall=None lower_h_err_mm=-1.1
[direct] ep7 rise_ok=True fall=None trk=0.1016 dist=0.789 tilt2s=3.5 hmin2s=114.8 gait_valid=True sacrificed=[] lower_fall=None lower_h_err_mm=-6.2
[direct] ep8 rise_ok=True fall=None trk=0.1021 dist=0.76 tilt2s=3.9 hmin2s=114.7 gait_valid=True sacrificed=[] lower_fall=None lower_h_err_mm=-10.3
[direct] ep9 rise_ok=True fall=None trk=0.0994 dist=0.818 tilt2s=4.0 hmin2s=114.7 gait_valid=True sacrificed=[] lower_fall=None lower_h_err_mm=-6.4
[direct] ep10 rise_ok=True fall=None trk=0.1043 dist=0.928 tilt2s=3.9 hmin2s=114.8 gait_valid=True sacrificed=[] lower_fall=None lower_h_err_mm=-16.0
[direct] ep11 rise_ok=True fall=None trk=0.1019 dist=0.769 tilt2s=3.5 hmin2s=114.8 gait_valid=True sacrificed=[] lower_fall=over_current lower_h_err_mm=-4.3
[direct] ep12 rise_ok=True fall=None trk=0.1044 dist=0.853 tilt2s=4.1 hmin2s=114.8 gait_valid=True sacrificed=[] lower_fall=over_current lower_h_err_mm=-3.7
[direct] ep13 rise_ok=True fall=None trk=0.0945 dist=0.752 tilt2s=3.8 hmin2s=114.8 gait_valid=True sacrificed=[] lower_fall=None lower_h_err_mm=-7.8
[direct] ep14 rise_ok=True fall=None trk=0.102 dist=0.749 tilt2s=4.7 hmin2s=114.7 gait_valid=True sacrificed=[] lower_fall=over_current lower_h_err_mm=-6.0
[direct] ep15 rise_ok=True fall=None trk=0.1023 dist=0.678 tilt2s=4.5 hmin2s=114.8 gait_valid=True sacrificed=[] lower_fall=None lower_h_err_mm=-10.4
[direct] ep16 rise_ok=True fall=None trk=0.1026 dist=0.898 tilt2s=4.6 hmin2s=114.8 gait_valid=True sacrificed=[] lower_fall=None lower_h_err_mm=-4.9
[direct] ep17 rise_ok=True fall=None trk=0.1007 dist=0.626 tilt2s=4.3 hmin2s=114.8 gait_valid=True sacrificed=[] lower_fall=None lower_h_err_mm=-2.5
[plant ] ep0 rise_ok=- fall=None trk=0.1034 dist=0.834 tilt2s=4.6 hmin2s=111.5 gait_valid=True sacrificed=[] lower_fall=None lower_h_err_mm=-7.5
[plant ] ep1 rise_ok=- fall=None trk=0.11 dist=0.922 tilt2s=3.8 hmin2s=111.3 gait_valid=True sacrificed=[] lower_fall=over_current lower_h_err_mm=-4.7
[plant ] ep2 rise_ok=- fall=None trk=0.1055 dist=0.769 tilt2s=4.4 hmin2s=111.4 gait_valid=True sacrificed=[] lower_fall=None lower_h_err_mm=-11.1
[plant ] ep3 rise_ok=- fall=None trk=0.1088 dist=0.833 tilt2s=3.9 hmin2s=111.4 gait_valid=True sacrificed=[] lower_fall=None lower_h_err_mm=-6.4
[plant ] ep4 rise_ok=- fall=None trk=0.1115 dist=0.971 tilt2s=4.4 hmin2s=111.4 gait_valid=True sacrificed=[] lower_fall=None lower_h_err_mm=-9.2
[plant ] ep5 rise_ok=- fall=None trk=0.11 dist=0.922 tilt2s=3.8 hmin2s=111.3 gait_valid=True sacrificed=[] lower_fall=over_current lower_h_err_mm=-4.7
[plant ] ep6 rise_ok=- fall=None trk=0.1033 dist=0.807 tilt2s=4.0 hmin2s=111.4 gait_valid=True sacrificed=[] lower_fall=None lower_h_err_mm=-7.2
[plant ] ep7 rise_ok=- fall=None trk=0.1033 dist=0.807 tilt2s=4.0 hmin2s=111.4 gait_valid=True sacrificed=[] lower_fall=None lower_h_err_mm=-7.2
[plant ] ep8 rise_ok=- fall=None trk=0.11 dist=0.922 tilt2s=3.8 hmin2s=111.3 gait_valid=True sacrificed=[] lower_fall=over_current lower_h_err_mm=-4.7
[plant ] ep9 rise_ok=- fall=None trk=0.1088 dist=0.833 tilt2s=3.9 hmin2s=111.4 gait_valid=True sacrificed=[] lower_fall=None lower_h_err_mm=-6.4
[plant ] ep10 rise_ok=- fall=None trk=0.1051 dist=0.76 tilt2s=4.0 hmin2s=111.4 gait_valid=True sacrificed=[] lower_fall=None lower_h_err_mm=-6.1
[plant ] ep11 rise_ok=- fall=None trk=0.1112 dist=0.814 tilt2s=4.1 hmin2s=111.3 gait_valid=True sacrificed=[] lower_fall=over_current lower_h_err_mm=-4.6
[plant ] ep12 rise_ok=- fall=None trk=0.1115 dist=0.971 tilt2s=4.4 hmin2s=111.4 gait_valid=True sacrificed=[] lower_fall=None lower_h_err_mm=-9.2
[plant ] ep13 rise_ok=- fall=None trk=0.1055 dist=0.769 tilt2s=4.4 hmin2s=111.4 gait_valid=True sacrificed=[] lower_fall=None lower_h_err_mm=-11.1
[plant ] ep14 rise_ok=- fall=None trk=0.1055 dist=0.769 tilt2s=4.4 hmin2s=111.4 gait_valid=True sacrificed=[] lower_fall=None lower_h_err_mm=-11.1
[plant ] ep15 rise_ok=- fall=None trk=0.1088 dist=0.833 tilt2s=3.9 hmin2s=111.4 gait_valid=True sacrificed=[] lower_fall=None lower_h_err_mm=-6.4
[plant ] ep16 rise_ok=- fall=None trk=0.1051 dist=0.76 tilt2s=4.0 hmin2s=111.4 gait_valid=True sacrificed=[] lower_fall=None lower_h_err_mm=-6.1
[plant ] ep17 rise_ok=- fall=None trk=0.1033 dist=0.807 tilt2s=4.0 hmin2s=111.4 gait_valid=True sacrificed=[] lower_fall=None lower_h_err_mm=-7.2
{
 "direct": {
  "episodes": 18,
  "rise_valid_plant": 18,
  "rise_failed_pre_handoff": 0,
  "handoff_falls": 0,
  "gait_valid": 18,
  "sacrificed_legs_union": [],
  "trk_err_band": [
   0.095,
   0.113
  ],
  "dist_band": [
   0.626,
   0.943
  ],
  "stumble_tilt_band": [
   3.5,
   4.8
  ],
  "lower_attempted": 18,
  "lower_falls": 3,
  "lower_ok": 14,
  "lower_height_err_end_mm_band": [
   -16.0,
   -1.1
  ]
 },
 "plant": {
  "episodes": 18,
  "rise_valid_plant": 0,
  "rise_failed_pre_handoff": 0,
  "handoff_falls": 0,
  "gait_valid": 18,
  "sacrificed_legs_union": [],
  "trk_err_band": [
   0.103,
   0.112
  ],
  "dist_band": [
   0.76,
   0.971
  ],
  "stumble_tilt_band": [
   3.8,
   4.6
  ],
  "lower_attempted": 18,
  "lower_falls": 4,
  "lower_ok": 14,
  "lower_height_err_end_mm_band": [
   -11.1,
   -4.6
  ]
 }
}
LIFECYCLE HANDOFF (direct, no scripted blend): CLEAN — no falls after switching on the stance role's pose
LIFECYCLE GAIT VALIDITY (direct, no sacrificed leg): CLEAN
LIFECYCLE LOWER (direct, rise->walk->lower, 3 clean-RL roles): 14/18 ok, 3 falls (err band [-16.0, -1.1])
