[direct] ep0 rise_ok=True fall=None trk=0.1046 dist=0.538 tilt2s=5.4 hmin2s=114.8 gait_valid=True sacrificed=[] lower_fall=tilt_pitch lower_h_err_mm=10.0
[direct] ep1 rise_ok=True fall=None trk=0.1061 dist=0.661 tilt2s=4.6 hmin2s=114.7 gait_valid=True sacrificed=[] lower_fall=None lower_h_err_mm=-6.6
[direct] ep2 rise_ok=True fall=None trk=0.1047 dist=0.645 tilt2s=4.8 hmin2s=114.8 gait_valid=True sacrificed=[] lower_fall=None lower_h_err_mm=-0.7
[direct] ep3 rise_ok=True fall=None trk=0.1092 dist=0.77 tilt2s=4.5 hmin2s=114.8 gait_valid=True sacrificed=[] lower_fall=None lower_h_err_mm=4.3
[direct] ep4 rise_ok=True fall=None trk=0.1109 dist=0.791 tilt2s=4.6 hmin2s=114.8 gait_valid=True sacrificed=[] lower_fall=None lower_h_err_mm=-4.9
[direct] ep5 rise_ok=True fall=None trk=0.1081 dist=0.713 tilt2s=4.6 hmin2s=114.8 gait_valid=True sacrificed=[] lower_fall=None lower_h_err_mm=-8.8
[direct] ep6 rise_ok=True fall=None trk=0.1095 dist=0.843 tilt2s=4.3 hmin2s=114.8 gait_valid=True sacrificed=[] lower_fall=None lower_h_err_mm=-0.2
[direct] ep7 rise_ok=True fall=None trk=0.1034 dist=0.679 tilt2s=5.3 hmin2s=114.8 gait_valid=True sacrificed=[] lower_fall=None lower_h_err_mm=-2.9
[direct] ep8 rise_ok=True fall=None trk=0.1042 dist=0.706 tilt2s=4.4 hmin2s=114.7 gait_valid=True sacrificed=[] lower_fall=None lower_h_err_mm=-5.0
[direct] ep9 rise_ok=True fall=None trk=0.1134 dist=0.752 tilt2s=5.6 hmin2s=114.8 gait_valid=True sacrificed=[] lower_fall=None lower_h_err_mm=-0.7
[direct] ep10 rise_ok=True fall=None trk=0.106 dist=0.653 tilt2s=4.6 hmin2s=114.8 gait_valid=True sacrificed=[] lower_fall=None lower_h_err_mm=-4.8
[direct] ep11 rise_ok=True fall=None trk=0.1013 dist=0.683 tilt2s=4.6 hmin2s=114.8 gait_valid=True sacrificed=[] lower_fall=None lower_h_err_mm=-0.9
[direct] ep12 rise_ok=True fall=None trk=0.1043 dist=0.626 tilt2s=4.8 hmin2s=114.8 gait_valid=True sacrificed=[] lower_fall=None lower_h_err_mm=-1.8
[direct] ep13 rise_ok=True fall=None trk=0.1095 dist=0.657 tilt2s=5.3 hmin2s=114.8 gait_valid=True sacrificed=[] lower_fall=None lower_h_err_mm=-3.2
[direct] ep14 rise_ok=True fall=None trk=0.0978 dist=0.607 tilt2s=4.5 hmin2s=114.7 gait_valid=True sacrificed=[] lower_fall=None lower_h_err_mm=-5.4
[direct] ep15 rise_ok=True fall=None trk=0.1037 dist=0.648 tilt2s=4.8 hmin2s=114.8 gait_valid=True sacrificed=[] lower_fall=None lower_h_err_mm=-8.9
[direct] ep16 rise_ok=True fall=None trk=0.1063 dist=0.692 tilt2s=4.8 hmin2s=114.8 gait_valid=True sacrificed=[] lower_fall=None lower_h_err_mm=4.3
[direct] ep17 rise_ok=True fall=None trk=0.1028 dist=0.617 tilt2s=4.2 hmin2s=114.8 gait_valid=True sacrificed=[] lower_fall=None lower_h_err_mm=-3.1
[direct] ep18 rise_ok=True fall=None trk=0.1019 dist=0.637 tilt2s=5.2 hmin2s=114.8 gait_valid=True sacrificed=[] lower_fall=None lower_h_err_mm=-5.5
[direct] ep19 rise_ok=True fall=None trk=0.1007 dist=0.575 tilt2s=5.2 hmin2s=114.8 gait_valid=True sacrificed=[] lower_fall=None lower_h_err_mm=-7.6
[plant ] ep0 rise_ok=- fall=None trk=0.1124 dist=0.759 tilt2s=3.1 hmin2s=111.3 gait_valid=True sacrificed=[] lower_fall=None lower_h_err_mm=-6.5
[plant ] ep1 rise_ok=- fall=None trk=0.1068 dist=0.653 tilt2s=4.0 hmin2s=111.4 gait_valid=True sacrificed=[] lower_fall=None lower_h_err_mm=-5.2
[plant ] ep2 rise_ok=- fall=None trk=0.1005 dist=0.66 tilt2s=3.9 hmin2s=111.4 gait_valid=True sacrificed=[] lower_fall=None lower_h_err_mm=2.2
[plant ] ep3 rise_ok=- fall=None trk=0.1076 dist=0.716 tilt2s=3.7 hmin2s=111.4 gait_valid=True sacrificed=[] lower_fall=None lower_h_err_mm=-10.0
[plant ] ep4 rise_ok=- fall=None trk=0.1011 dist=0.71 tilt2s=4.1 hmin2s=111.3 gait_valid=True sacrificed=[] lower_fall=None lower_h_err_mm=-1.0
[plant ] ep5 rise_ok=- fall=None trk=0.1068 dist=0.653 tilt2s=4.0 hmin2s=111.4 gait_valid=True sacrificed=[] lower_fall=None lower_h_err_mm=-5.2
[plant ] ep6 rise_ok=- fall=None trk=0.1127 dist=0.891 tilt2s=3.8 hmin2s=111.4 gait_valid=True sacrificed=[] lower_fall=None lower_h_err_mm=-9.2
[plant ] ep7 rise_ok=- fall=None trk=0.1127 dist=0.891 tilt2s=3.8 hmin2s=111.4 gait_valid=True sacrificed=[] lower_fall=None lower_h_err_mm=-9.2
[plant ] ep8 rise_ok=- fall=None trk=0.1068 dist=0.653 tilt2s=4.0 hmin2s=111.4 gait_valid=True sacrificed=[] lower_fall=None lower_h_err_mm=-5.2
[plant ] ep9 rise_ok=- fall=None trk=0.1076 dist=0.716 tilt2s=3.7 hmin2s=111.4 gait_valid=True sacrificed=[] lower_fall=None lower_h_err_mm=-10.0
[plant ] ep10 rise_ok=- fall=None trk=0.1037 dist=0.821 tilt2s=5.4 hmin2s=111.4 gait_valid=True sacrificed=[] lower_fall=None lower_h_err_mm=0.9
[plant ] ep11 rise_ok=- fall=None trk=0.1082 dist=0.885 tilt2s=3.9 hmin2s=111.3 gait_valid=True sacrificed=[] lower_fall=None lower_h_err_mm=-10.4
[plant ] ep12 rise_ok=- fall=None trk=0.1011 dist=0.71 tilt2s=4.1 hmin2s=111.3 gait_valid=True sacrificed=[] lower_fall=None lower_h_err_mm=-1.0
[plant ] ep13 rise_ok=- fall=None trk=0.1005 dist=0.66 tilt2s=3.9 hmin2s=111.4 gait_valid=True sacrificed=[] lower_fall=None lower_h_err_mm=2.2
[plant ] ep14 rise_ok=- fall=None trk=0.1005 dist=0.66 tilt2s=3.9 hmin2s=111.4 gait_valid=True sacrificed=[] lower_fall=None lower_h_err_mm=2.2
[plant ] ep15 rise_ok=- fall=None trk=0.1076 dist=0.716 tilt2s=3.7 hmin2s=111.4 gait_valid=True sacrificed=[] lower_fall=None lower_h_err_mm=-10.0
[plant ] ep16 rise_ok=- fall=None trk=0.1037 dist=0.821 tilt2s=5.4 hmin2s=111.4 gait_valid=True sacrificed=[] lower_fall=None lower_h_err_mm=0.9
[plant ] ep17 rise_ok=- fall=None trk=0.1127 dist=0.891 tilt2s=3.8 hmin2s=111.4 gait_valid=True sacrificed=[] lower_fall=None lower_h_err_mm=-9.2
[plant ] ep18 rise_ok=- fall=None trk=0.1005 dist=0.66 tilt2s=3.9 hmin2s=111.4 gait_valid=True sacrificed=[] lower_fall=None lower_h_err_mm=2.2
[plant ] ep19 rise_ok=- fall=None trk=0.1082 dist=0.885 tilt2s=3.9 hmin2s=111.3 gait_valid=True sacrificed=[] lower_fall=None lower_h_err_mm=-10.4
{
 "direct": {
  "episodes": 20,
  "rise_valid_plant": 20,
  "rise_failed_pre_handoff": 0,
  "handoff_falls": 0,
  "gait_valid": 20,
  "sacrificed_legs_union": [],
  "trk_err_band": [
   0.098,
   0.113
  ],
  "dist_band": [
   0.538,
   0.843
  ],
  "stumble_tilt_band": [
   4.2,
   5.6
  ],
  "lower_attempted": 20,
  "lower_falls": 1,
  "lower_ok": 19,
  "lower_height_err_end_mm_band": [
   -8.9,
   10.0
  ]
 },
 "plant": {
  "episodes": 20,
  "rise_valid_plant": 0,
  "rise_failed_pre_handoff": 0,
  "handoff_falls": 0,
  "gait_valid": 20,
  "sacrificed_legs_union": [],
  "trk_err_band": [
   0.101,
   0.113
  ],
  "dist_band": [
   0.653,
   0.891
  ],
  "stumble_tilt_band": [
   3.1,
   5.4
  ],
  "lower_attempted": 20,
  "lower_falls": 0,
  "lower_ok": 20,
  "lower_height_err_end_mm_band": [
   -10.4,
   2.2
  ]
 }
}
LIFECYCLE HANDOFF (direct, no scripted blend): CLEAN — no falls after switching on the stance role's pose
LIFECYCLE GAIT VALIDITY (direct, no sacrificed leg): CLEAN
LIFECYCLE LOWER (direct, rise->walk->lower, 3 clean-RL roles): 19/20 ok, 1 falls (err band [-8.9, 10.0])
wrote rl_docs/tracks/walkcurr/lowerrole_thermalderate50_fulldir_n20_2026-10-06/raw/h90.json
